// Jest Snapshot v1, https://goo.gl/fbAQLP

exports[`with config folder custom config 1`] = `3`;

exports[`with config folder default config 1`] = `4`;

exports[`without config folder without config 1`] = `0`;
